datapath__56: datapath__5
logic__259: logic__259
logic__486: logic__44
logic__598: logic__43
adder1b_30__66: adder1b_30
counter__16: counter__1
logic__687: logic__40
logic__496: logic__43
counter__9: counter__3
logic__734: logic__1
case__72: case__72
edge_detector_2__1: edge_detector_2
logic__688: logic__40
logic__57: logic__57
muxpart__55: muxpart__55
reg__69: reg__3
pipeline_11__16: pipeline_11
logic__223: logic__223
case__269: case__6
case__94: case__94
logic__683: logic__45
button_conditioner_3__10: button_conditioner_3
counter__13: counter__1
logic__324: logic__324
reg__62: reg__2
case__241: case__76
edge_detector_2__5: edge_detector_2
reg__46: reg__1
logic__543: logic__1
logic__241: logic__241
logic__65: logic__65
pipeline_11__10: pipeline_11
logic__312: logic__312
edge_detector_14: edge_detector_14
adder1b_30__76: adder1b_30
datapath__50: datapath__5
adder1b_30__29: adder1b_30
logic__481: logic__40
edge_detector_2__16: edge_detector_2
comparator_26: comparator_26
logic__67: logic__67
logic__59: logic__59
logic__495: logic__44
adder1b_30__46: adder1b_30
case__160: case__160
case__168: case__168
case__217: case__10
case__236: case__2
logic__703: logic
case__234: case__4
logic__240: logic__240
case__80: case__80
case__213: case__213
adder1b_30__11: adder1b_30
alu_12__1: alu_12
reg__5: reg__5
counter_28__1: counter_28
datapath__10: datapath__10
logic__630: logic__1
logic__742: logic__1
adder1b_30__6: adder1b_30
datapath__5: datapath__5
adder1b_30__20: adder1b_30
logic__558: logic
button_conditioner_3__13: button_conditioner_3
muxpart__13: muxpart__13
muxpart__10: muxpart__10
case__151: case__151
logic__697: logic
logic__555: logic__1
case__254: case__10
muxpart__8: muxpart__8
datapath__6: datapath__6
logic__669: logic__11
case__121: case__121
logic__577: logic__22
case__46: case__46
logic__304: logic__304
logic__579: logic__18
logic__758: logic__1
muxpart__143: muxpart
logic__677: logic__45
logic__632: logic__1
case__155: case__155
case__2: case__2
logic__743: logic
pipeline_11__7: pipeline_11
logic__325: logic__325
logic__45: logic__45
logic__647: logic
case__150: case__150
reg__54: reg__3
reset_conditioner_1: reset_conditioner_1
case__270: case__5
adder1b_30__78: adder1b_30
button_conditioner_3__16: button_conditioner_3
case__232: case__6
case__40: case__40
case__125: case__125
adder1b_30__56: adder1b_30
case__267: case__8
logic__746: logic__1
logic__700: logic__1
dsp48e1__4: dsp48e1__4
logic__585: logic__164
case__262: case__2
logic__594: logic__44
case__76: case__76
logic__250: logic__250
logic__716: logic__1
logic__540: logic
logic__549: logic__1
logic__73: logic__73
adder1b_30__67: adder1b_30
edge_detector_2__13: edge_detector_2
logic__506: logic
logic__161: logic__161
logic__493: logic__43
case__17: case__17
reg__10: reg__10
counter__2: counter__2
datapath__30: datapath__30
case__118: case__118
logic__710: logic__1
logic__673: logic
logic__252: logic__252
adder1b_30__64: adder1b_30
logic__625: logic__40
case__244: case__73
logic__603: logic__44
pipeline_11__8: pipeline_11
counter__8: counter__1
reg__63: reg__2
logic__638: logic__1
pipeline_11__3: pipeline_11
adder1b_30__59: adder1b_30
muxpart__21: muxpart__21
muxpart__145: muxpart__2
logic__287: logic__287
case__36: case__36
muxpart__34: muxpart__34
logic__679: logic__43
muxpart__146: muxpart
logic__689: logic__40
datapath__53: datapath__2
datapath__42: datapath__1
case__259: case__5
adder1b_30__5: adder1b_30
adder1b_30__15: adder1b_30
reg__36: reg__3
logic__509: logic__1
logic__658: logic__43
logic__33: logic__33
logic__119: logic__119
muxpart__50: muxpart__50
case__223: case__4
button_conditioner_3__18: button_conditioner_3
muxpart__53: muxpart__53
logic__100: logic__100
case__226: case__1
adder1b_30__26: adder1b_30
muxpart__3: muxpart__3
muxpart__61: muxpart__61
case__166: case__166
logic__575: logic__26
logic__597: logic__44
muxpart__148: muxpart__2
logic__586: logic__163
button_conditioner_3__17: button_conditioner_3
case__37: case__37
logic__718: logic__1
logic__539: logic__1
logic__497: logic__1
counter__11: counter__1
adder1b_30__2: adder1b_30
logic__487: logic__43
reg__53: reg__3
case__156: case__156
case__77: case__77
logic__696: logic__1
adder1b_30__27: adder1b_30
logic__220: logic__220
logic__199: logic__199
boolean_24__4: boolean_24
pipeline_11__9: pipeline_11
muxpart: muxpart
shifter_25__1: shifter_25
logic__729: logic__9
case__185: case__185
button_conditioner_3__14: button_conditioner_3
muxpart__32: muxpart__32
edge_detector_2__15: edge_detector_2
case__238: case
boolean_24__1: boolean_24
case__181: case__181
logic__195: logic__195
adder1b_30__28: adder1b_30
case__239: case__78
logic__624: logic__40
logic__692: logic__1
logic__529: logic__26
logic__728: logic__10
muxpart__17: muxpart__17
logic__318: logic__318
datapath__51: datapath__4
case__209: case__209
case__119: case__119
case__90: case__90
logic__537: logic__1
case__245: case__72
logic__573: logic__33
muxpart__20: muxpart__20
logic__706: logic__1
edge_detector_2__3: edge_detector_2
muxpart__68: muxpart__68
adder1b_30__4: adder1b_30
logic__733: logic
case__113: case__113
counter__20: counter__1
logic__18: logic__18
logic__502: logic
logic__551: logic__1
adder1b_30__7: adder1b_30
button_conditioner_3__11: button_conditioner_3
adder1b_30__19: adder1b_30
counter__22: counter__1
logic__725: logic__21
case__107: case__107
case__104: case__104
logic__653: logic
adder1b_30__30: adder1b_30
logic__216: logic__216
logic__761: logic
counter_13: counter_13
logic__572: logic__43
logic__517: logic__1
case__210: case__210
comparator_26__2: comparator_26
pipeline_11__18: pipeline_11
logic__525: logic__1
muxpart__14: muxpart__14
logic__535: logic__10
adder1b_30__57: adder1b_30
logic__520: logic
case__206: case__206
logic__664: logic__26
counter_19: counter_19
logic__701: logic
case__98: case__98
reg__52: reg__3
reg__30: reg__2
regfile_27: regfile_27
reg__75: reg__2
logic__531: logic__22
logic__505: logic__1
logic__44: logic__44
datapath: datapath
button_conditioner_3__9: button_conditioner_3
adder1b_30__38: adder1b_30
case__182: case__182
adder1b_30__33: adder1b_30
logic__661: logic__34
logic__533: logic__18
case__266: case__9
counter_16: counter_16
logic__704: logic__1
logic__536: logic__9
logic__682: logic__43
case__167: case__167
logic: logic
logic__268: logic__268
muxpart__52: muxpart__52
logic__196: logic__196
logic__732: logic__1
reg__67: reg__1
logic__516: logic
logic__590: logic__45
shifter_25__3: shifter_25
button_conditioner_3__12: button_conditioner_3
button_conditioner_3__8: button_conditioner_3
case__172: case__172
logic__522: logic
datapath__9: datapath__9
reg__59: reg__2
logic__262: logic__262
reg__47: reg__3
logic__114: logic__114
logic__530: logic__23
case__86: case__86
logic__721: logic__27
case__253: case__11
eighteen_seven_seg_8: eighteen_seven_seg_8
logic__512: logic
case__56: case__56
reg: reg
case__208: case__208
logic__631: logic
muxpart__7: muxpart__7
logic__731: logic
pipeline_11__6: pipeline_11
case__207: case__207
logic__736: logic__1
datapath__44: datapath__5
logic__636: logic__1
logic__671: logic__9
logic__672: logic__1
case__15: case__15
reg__2: reg__2
logic__1: logic__1
case__1: case__1
logic__604: logic__43
counter__7: counter__1
logic__665: logic__23
datapath__20: datapath__20
datapath__26: datapath__26
datapath__11: datapath__11
adder1b_30__41: adder1b_30
adder1b_30__48: adder1b_30
logic__251: logic__251
datapath__19: datapath__19
adder1b_30__14: adder1b_30
logic__702: logic__1
logic__753: logic
logic__10: logic__10
logic__719: logic
logic__605: logic__45
case__97: case__97
case__268: case__7
edge_detector_2__11: edge_detector_2
dsp48e1__3: dsp48e1__3
case__240: case__77
alu_12: alu_12
counter__1: counter__1
case__149: case__149
logic__163: logic__163
reg__13: reg__13
logic__293: logic__293
logic__709: logic
case__101: case__101
logic__563: logic__1
counter__12: counter__1
case__211: case__211
logic__737: logic
logic__518: logic
case__82: case__82
logic__534: logic__11
logic__756: logic__1
case__246: case__71
dsp48e1__1: dsp48e1__1
muxpart__12: muxpart__12
logic__686: logic__40
logic__219: logic__219
adder1b_30__52: adder1b_30
datapath__36: datapath__36
logic__723: logic__23
logic__600: logic__44
logic__587: logic__161
logic__668: logic__18
counter__4: counter__1
edge_detector_2__4: edge_detector_2
reg__41: reg__17
logic__566: logic
datapath__48: datapath__1
case__219: case__8
case__161: case__161
muxpart__56: muxpart__56
logic__307: logic__307
logic__691: logic
logic__164: logic__164
logic__634: logic__1
logic__155: logic__155
case__157: case__157
logic__690: logic__1
datapath__8: datapath__8
pipeline_11__19: pipeline_11
logic__528: logic__27
edge_detector_2__10: edge_detector_2
case__165: case__165
reg__4: reg__4
adder1b_30__75: adder1b_30
logic__202: logic__202
logic__296: logic__296
shifter_25: shifter_25
case__248: case__57
reg__43: reg__15
logic__477: logic__477
case__43: case__43
case__108: case__108
logic__663: logic__27
logic__564: logic
button_conditioner_3__6: button_conditioner_3
adder1b_30__71: adder1b_30
logic__711: logic
logic__639: logic
datapath__40: datapath__3
adder1b_30__58: adder1b_30
case__255: case__9
muxpart__144: muxpart__3
adder1b_30__43: adder1b_30
logic__126: logic__126
case__14: case__14
logic__713: logic
logic__565: logic__1
logic__741: logic
logic__726: logic__18
logic__557: logic__1
logic__43: logic__43
logic__68: logic__68
lut_17: lut_17
counter__24: counter__1
logic__26: logic__26
logic__11: logic__11
case__75: case__75
counter__17: counter__1
case__11: case__11
multi_seven_seg_7: multi_seven_seg_7
logic__588: logic__37
logic__722: logic__26
logic__589: logic__34
adder1b_30: adder1b_30
logic__541: logic__1
counter__15: counter__1
logic__226: logic__226
pipeline_11__5: pipeline_11
datapath__3: datapath__3
dsp48e1: dsp48e1
logic__151: logic__151
logic__715: logic
reg__15: reg__15
dsp48e1__2: dsp48e1__2
comparator_26__1: comparator_26
reg__55: reg__3
logic__574: logic__27
logic__592: logic__43
reg__60: reg__2
pipeline_11__14: pipeline_11
logic__735: logic
case__6: case__6
case__44: case__44
adder1b_30__40: adder1b_30
case__152: case__152
reg__72: reg__2
logic__616: logic__43
datapath__32: datapath__32
logic__526: logic
case__256: case__8
logic__751: logic
datapath__45: datapath__4
case__106: case__106
logic__649: logic
logic__547: logic__1
case__102: case__102
datapath__58: datapath__3
reg__58: reg__2
reg__34: reg__3
logic__491: logic__45
case__218: case__9
logic__9: logic__9
logic__667: logic__21
reg__35: reg__3
case__220: case__7
logic__532: logic__21
logic__256: logic__256
logic__200: logic__200
reg__64: reg__2
case__117: case__117
case__49: case__49
logic__48: logic__48
reg__51: reg__3
logic__613: logic__43
rom__1: rom__1
muxpart__33: muxpart__33
logic__562: logic
logic__615: logic__44
muxpart__62: muxpart__62
case__224: case__3
logic__553: logic__1
logic__510: logic
logic__40: logic__40
case__91: case__91
case__73: case__73
logic__513: logic__1
logic__646: logic__1
logic__552: logic
datapath__16: datapath__16
logic__546: logic
reg__42: reg__16
case__249: case__56
datapath__29: datapath__29
logic__52: logic__52
logic__745: logic
reg__50: reg__3
rand_gen_22__1: rand_gen_22
logic__648: logic__1
logic__500: logic
logic__654: logic__1
logic__53: logic__53
logic__578: logic__21
logic__274: logic__274
counter__18: counter__1
logic__550: logic
case__114: case__114
adder1b_30__61: adder1b_30
case__10: case__10
pipeline_11__11: pipeline_11
logic__707: logic
logic__611: logic__45
logic__213: logic__213
case__237: case__1
logic__247: logic__247
logic__504: logic
adder1b_30__69: adder1b_30
adder1b_30__54: adder1b_30
logic__501: logic__1
datapath__61: datapath
adder1b_30__10: adder1b_30
lut_17__1: lut_17
button_conditioner_3__19: button_conditioner_3
reg__48: reg__3
logic__633: logic
case__89: case__89
edge_detector_14__1: edge_detector_14
logic__727: logic__11
logic__660: logic__37
reg__14: reg__14
case__124: case__124
dsp48e1__5: dsp48e1
case__271: case__4
logic__699: logic
logic__620: logic__40
edge_detector_2__2: edge_detector_2
reg__61: reg__2
logic__105: logic__105
adder1b_30__1: adder1b_30
logic__744: logic__1
reg__66: reg__2
muxpart__141: muxpart__3
case__7: case__7
logic__662: logic__33
adder1b_30__72: adder1b_30
logic__255: logic__255
case__93: case__93
button_conditioner_3__5: button_conditioner_3
case__41: case__41
logic__494: logic__45
logic__560: logic
logic__237: logic__237
case__83: case__83
adder1b_30__12: adder1b_30
dsp48e1__7: dsp48e1
reg__73: reg__2
datapath__52: datapath__3
datapath__14: datapath__14
add_sub16bit_23__1: add_sub16bit_23
edge_detector_2__12: edge_detector_2
reg__12: reg__12
logic__576: logic__23
adder1b_30__50: adder1b_30
reg__11: reg__11
counter__21: counter__1
case__272: case__3
logic__104: logic__104
adder1b_30__34: adder1b_30
logic__584: logic
logic__524: logic
logic__488: logic__45
case__273: case__2
logic__102: logic__102
logic__483: logic__40
case__252: case__11
datapath__7: datapath__7
case__216: case__216
logic__567: logic__1
case__87: case__87
logic__320: logic__320
logic__760: logic__1
datapath__55: datapath
comparator_26__4: comparator_26
reg__40: reg__18
datapath__43: datapath
logic__132: logic__132
datapath__60: datapath__1
logic__490: logic__43
logic__559: logic__1
case__42: case__42
decoder_20: decoder_20
pipeline_11: pipeline_11
logic__750: logic__1
counter_28: counter_28
button_conditioner_3: button_conditioner_3
logic__626: logic__1
datapath__17: datapath__17
case__235: case__3
case__60: case__60
case__260: case__4
logic__622: logic__40
logic__612: logic__44
logic__739: logic
pipeline_11__13: pipeline_11
adder1b_30__8: adder1b_30
case__110: case__110
reg__71: reg__3
case__122: case__122
logic__608: logic__45
logic__623: logic__40
reg__38: reg__2
case__116: case__116
logic__22: logic__22
counter_15: counter_15
case__163: case__163
edge_detector_2: edge_detector_2
case__186: case__186
logic__319: logic__319
case__111: case__111
datapath__12: datapath__12
logic__556: logic
logic__499: logic__1
logic__591: logic__44
edge_detector_2__7: edge_detector_2
button_conditioner_3__4: button_conditioner_3
adder1b_30__31: adder1b_30
logic__70: logic__70
case__227: case
logic__544: logic
muxpart__18: muxpart__18
pipeline_11__17: pipeline_11
reg__65: reg__3
datapath__24: datapath__24
muxpart__67: muxpart__67
autotester_4: autotester_4
case__103: case__103
case__261: case__3
reg__31: reg__2
adder1b_30__51: adder1b_30
logic__147: logic__147
logic__582: logic__9
case__112: case__112
muxpart__19: muxpart__19
au_top_0__GB1: au_top_0__GB1
logic__561: logic__1
datapath__33: datapath__33
logic__738: logic__1
logic__609: logic__44
logic__482: logic__40
logic__246: logic__246
edge_detector_2__6: edge_detector_2
muxpart__6: muxpart__6
logic__720: logic__33
logic__680: logic__45
button_conditioner_3__3: button_conditioner_3
logic__712: logic__1
logic__694: logic__1
reg__45: reg__13
logic__695: logic
case__164: case__164
adder1b_30__79: adder1b_30
logic__279: logic__279
case__74: case__74
case__85: case__85
case__265: case__10
edge_detector_2__9: edge_detector_2
case__247: case__60
case__229: case__9
case__3: case__3
logic__519: logic__1
logic__627: logic
case__250: case__49
logic__681: logic__44
datapath__47: datapath__2
adder1b_30__77: adder1b_30
logic__650: logic__1
reg__9: reg__9
datapath__54: datapath__1
adder1b_30__74: adder1b_30
logic__503: logic__1
counter__6: counter__1
logic__299: logic__299
case__162: case__162
logic__659: logic__40
muxpart__15: muxpart__15
case__214: case__214
logic__480: logic__480
logic__657: logic__44
muxpart__11: muxpart__11
logic__21: logic__21
logic__693: logic
logic__542: logic
adder1b_30__63: adder1b_30
dsp48e1__8: dsp48e1
muxpart__58: muxpart__58
muxpart__151: muxpart__2
reg__17: reg__17
case__243: case__74
logic__229: logic__229
adder1b_30__18: adder1b_30
logic__548: logic
case__34: case__34
logic__232: logic__232
datapath__15: datapath__15
case__92: case__92
muxpart__9: muxpart__9
reg__49: reg__3
logic__55: logic__55
case__109: case__109
logic__595: logic__43
reg__74: reg__2
logic__670: logic__10
logic__644: logic__1
button_conditioner_3__2: button_conditioner_3
boolean_24__2: boolean_24
logic__290: logic__290
case__9: case__9
rom__2: rom__1
logic__684: logic__44
logic__618: logic__40
boolean_24__3: boolean_24
adder1b_30__45: adder1b_30
logic__511: logic__1
muxpart__152: muxpart
datapath__34: datapath__34
logic__209: logic__209
case__88: case__88
adder1b_30__25: adder1b_30
case__212: case__212
case__170: case__170
reg__25: reg__25
logic__545: logic__1
pn_gen_29__1: pn_gen_29
datapath__27: datapath__27
logic__714: logic__1
datapath__22: datapath__22
case__221: case__6
muxpart__64: muxpart__64
case__78: case__78
counter__3: counter__3
datapath__59: datapath__2
case__215: case__215
case__171: case__171
case__95: case__95
case__242: case__75
logic__571: logic__44
case__263: case__1
edge_detector_14__2: edge_detector_14
case__8: case__8
case__264: case
logic__489: logic__44
counter__14: counter__1
case__100: case__100
datapath__31: datapath__31
adder1b_30__70: adder1b_30
logic__66: logic__66
adder1b_30__13: adder1b_30
case__48: case__48
au_top_0__GB2: au_top_0__GB2
case__35: case__35
adder1b_30__9: adder1b_30
logic__485: logic__45
datapath__46: datapath__3
muxpart__65: muxpart__65
logic__479: logic__479
datapath__25: datapath__25
adder1b_30__35: adder1b_30
case__16: case__16
case__115: case__115
logic__759: logic
logic__278: logic__278
adder1b_30__39: adder1b_30
datapath__49: datapath
randgen_autotester_10: randgen_autotester_10
logic__523: logic__1
logic__580: logic__11
counter_13__1: counter_13
edge_detector_2__19: edge_detector_2
datapath__1: datapath__1
pipeline_11__15: pipeline_11
logic__569: logic__40
add_sub16bit_23__3: add_sub16bit_23
counter__10: counter
logic__508: logic
logic__747: logic
button_conditioner_3__15: button_conditioner_3
logic__113: logic__113
logic__554: logic
counter__19: counter__1
case__225: case__2
case__84: case__84
adder1b_30__53: adder1b_30
au_top_0__GB0: au_top_0__GB0
logic__610: logic__43
logic__652: logic__1
adder1b_30__24: adder1b_30
case__4: case__4
alu_12__3: alu_12
adder1b_30__68: adder1b_30
logic__643: logic
adder1b_30__73: adder1b_30
reg__37: reg__3
case__230: case__8
logic__637: logic
case__47: case__47
reg__3: reg__3
reg__70: reg__3
logic__593: logic__45
counter: counter
case__233: case__5
logic__621: logic__40
logic__645: logic
adder1b_30__60: adder1b_30
muxpart__4: muxpart__4
logic__601: logic__43
adder1b_30__21: adder1b_30
logic__628: logic__1
logic__674: logic__45
case__96: case__96
rand_gen_22: rand_gen_22
logic__315: logic__315
datapath__4: datapath__4
datapath__37: datapath__37
logic__640: logic__1
adder1b_30__22: adder1b_30
datapath__38: datapath__5
logic__678: logic__44
add_sub16bit_23: add_sub16bit_23
button_conditioner_3__7: button_conditioner_3
pipeline_11__1: pipeline_11
logic__602: logic__45
logic__619: logic__40
logic__23: logic__23
logic__527: logic__33
reg__1: reg__1
adder1b_30__55: adder1b_30
logic__641: logic
button_conditioner_3__1: button_conditioner_3
pipeline_11__2: pipeline_11
case__45: case__45
reg__32: reg__2
adder1b_30__16: adder1b_30
muxpart__149: muxpart
logic__685: logic__43
datapath__57: datapath__4
datapath__39: datapath__4
adder1b_30__3: adder1b_30
logic__651: logic
logic__521: logic__1
muxpart__31: muxpart__31
adder1b_30__65: adder1b_30
case__251: case__48
logic__749: logic
dsp48e1__6: dsp48e1
logic__283: logic__283
logic__27: logic__27
adder1b_30__42: adder1b_30
case__5: case__5
muxpart__5: muxpart__5
adder1b_30__32: adder1b_30
case__169: case__169
logic__675: logic__44
adder1b_30__49: adder1b_30
alu_12__2: alu_12
datapath__28: datapath__28
case__222: case__5
counter__5: counter__1
adder1b_30__23: adder1b_30
datapath__2: datapath__2
case__159: case__159
case__275: case
logic__498: logic
logic__514: logic
alu_12__4: alu_12
pipeline_11__12: pipeline_11
comparator_26__3: comparator_26
logic__642: logic__1
logic__300: logic__300
logic__748: logic__1
case__19: case__19
logic__717: logic
logic__757: logic
logic__46: logic__46
logic__656: logic__45
logic__271: logic__271
adder1b_30__36: adder1b_30
logic__583: logic__1
reg__18: reg__18
reg__56: reg__2
case__183: case__183
case__81: case__81
reg__16: reg__16
manualtester_5: manualtester_5
datapath__35: datapath__35
shifter_25__4: shifter_25
logic__708: logic__1
edge_detector_2__17: edge_detector_2
case__126: case__126
case__57: case__57
logic__507: logic__1
edge_detector_2__18: edge_detector_2
adder1b_30__17: adder1b_30
logic__129: logic__129
logic__284: logic__284
muxpart__16: muxpart__16
logic__755: logic
logic__265: logic__265
logic__34: logic__34
muxpart__150: muxpart__3
logic__730: logic__1
case: case
logic__484: logic__40
reg__68: reg__3
case__105: case__105
add_sub16bit_23__4: add_sub16bit_23
logic__740: logic__1
logic__515: logic__1
counter__23: counter__1
logic__478: logic__478
datapath__23: datapath__23
muxpart__59: muxpart__59
case__184: case__184
reg__57: reg__2
segtest_6: segtest_6
adder1b_30__47: adder1b_30
shifter_25__2: shifter_25
case__13: case__13
logic__724: logic__22
logic__752: logic__1
logic__617: logic__40
datapath__41: datapath__2
adder1b_30__44: adder1b_30
rom: rom
logic__37: logic__37
case__274: case__1
logic__606: logic__44
edge_detector_2__14: edge_detector_2
case__99: case__99
logic__607: logic__43
logic__676: logic__43
logic__635: logic
logic__629: logic
pn_gen_29: pn_gen_29
muxpart__2: muxpart__2
muxpart__147: muxpart__3
case__158: case__158
game_9: game_9
logic__568: logic
reg__39: reg__3
logic__50: logic__50
datapath__21: datapath__21
logic__62: logic__62
logic__599: logic__45
logic__538: logic
add_sub16bit_23__2: add_sub16bit_23
case__258: case__6
reg__33: reg__2
case__153: case__153
boolean_24: boolean_24
case__154: case__154
logic__666: logic__22
logic__698: logic__1
logic__492: logic__44
datapath__13: datapath__13
edge_detector_2__8: edge_detector_2
adder1b_30__37: adder1b_30
muxpart__142: muxpart__2
logic__581: logic__10
case__18: case__18
pipeline_11__4: pipeline_11
controlunit_21: controlunit_21
logic__614: logic__45
reg__6: reg__6
adder1b_30__62: adder1b_30
logic__596: logic__45
logic__705: logic
case__38: case__38
logic__570: logic__45
logic__754: logic__1
case__71: case__71
reg__44: reg__14
case__228: case__10
case__120: case__120
case__231: case__7
logic__655: logic
case__257: case__7
decoder_18: decoder_18
